Flutter crash report.
Please report a bug at https://github.com/flutter/flutter/issues.

## command

flutter run --dart-define=NEXT_PUBLIC_SUPABASE_URL=https://crhsbpkuteyqbxjpozrp.supabase.co --dart-define=NEXT_PUBLIC_SUPABASE_PUBLISHABLE_KEY=sb_publishable_4AW0f29vUx94_u709gmgJA_f33zUfUO -d web-server --web-hostname 127.0.0.1 --web-port 8090

## exception

ShaderCompilerException: ShaderCompilerException: Shader compilation of "C:\Users\Neila\devtools\flutter\packages\flutter\lib\src\material\shaders\stretch_effect.frag" to "build\flutter_assets\shaders/stretch_effect.frag" failed with exit code 1.



```
#0      ShaderCompiler.compileShader (package:flutter_tools/src/build_system/tools/shader_compiler.dart:232:9)
<asynchronous suspension>
#1      writeBundle.<anonymous closure> (package:flutter_tools/src/bundle_builder.dart:227:25)
<asynchronous suspension>
#2      Future.wait.<anonymous closure> (dart:async/future.dart:546:21)
<asynchronous suspension>
#3      writeBundle (package:flutter_tools/src/bundle_builder.dart:171:3)
<asynchronous suspension>
#4      WebDevFS.update (package:flutter_tools/src/isolated/devfs_web.dart:342:9)
<asynchronous suspension>
#5      ResidentWebRunner._updateDevFS (package:flutter_tools/src/isolated/resident_web_runner.dart:804:35)
<asynchronous suspension>
#6      ResidentWebRunner.run.<anonymous closure> (package:flutter_tools/src/isolated/resident_web_runner.dart:330:41)
<asynchronous suspension>
#7      asyncGuard.<anonymous closure> (package:flutter_tools/src/base/async_guard.dart:108:24)
<asynchronous suspension>
```

## flutter doctor

```
[✓] Flutter (Channel stable, 3.44.1, on Microsoft Windows [Version 10.0.26200.8246], locale en-US) [116ms]
    • Flutter version 3.44.1 on channel stable at C:\Users\Neila\devtools\flutter
    • Upstream repository https://github.com/flutter/flutter.git
    • Framework revision 924134a44c (7 weeks ago), 2026-05-29 12:13:22 -0400
    • Engine revision c416acfeb8
    • Dart version 3.12.1
    • DevTools version 2.57.0
    • Feature flags: enable-web, enable-linux-desktop, enable-macos-desktop, enable-windows-desktop, enable-android, enable-ios, cli-animations, enable-native-assets, enable-swift-package-manager, omit-legacy-version-file, enable-lldb-debugging, enable-uiscene-migration

[✓] Windows Version (Windows 11 or higher, 25H2, 2009) [2.9s]

[✓] Android toolchain - develop for Android devices (Android SDK version 36.0.0) [7.2s]
    • Android SDK at C:\Users\Neila\AppData\Local\Android\Sdk
    • Emulator version unknown
    • Platform android-36, build-tools 36.0.0
    • ANDROID_HOME = E:\Android\Sdk
    • ANDROID_SDK_ROOT = E:\Android\Sdk
    • Java binary at: E:\Tools\Java\Temurin21\bin\java
      This JDK is specified by the JAVA_HOME environment variable.
      To manually set the JDK path, use: `flutter config --jdk-dir="path/to/jdk"`.
    • Java version OpenJDK Runtime Environment Temurin-21.0.11+10 (build 21.0.11+10-LTS)
    • All Android licenses accepted.

[✗] Chrome - develop for the web (Cannot find Chrome executable at .\Google\Chrome\Application\chrome.exe) [2.5s]
    ! Cannot find Chrome. Try setting CHROME_EXECUTABLE to a Chrome executable.

[✗] Visual Studio - develop Windows apps [2.5s]
    ✗ Visual Studio not installed; this is necessary to develop Windows apps.
      Download at https://visualstudio.microsoft.com/downloads/.
      Please install the "Desktop development with C++" workload, including all of its default components

[✓] Connected device (3 available) [2.6s]
    • Windows (desktop) • windows    • windows-x64    • Microsoft Windows [Version 10.0.26200.8246]
    • Web Server (web)  • web-server • web-javascript • Flutter Tools
    • Edge (web)        • edge       • web-javascript • Microsoft Edge 150.0.4078.65

[✓] Network resources [3.4s]
    • All expected network resources are available.

! Doctor found issues in 2 categories.
```
