Resolving dependencies...
Downloading packages...
  _fe_analyzer_shared 99.0.0 (105.0.0 available)
  analyzer 12.1.0 (14.1.0 available)
  file_picker 10.3.10 (11.0.3 available)
  flutter_riverpod 3.3.2 (3.4.2 available)
  geolocator 14.0.2 (14.0.3 available)
  geolocator_linux 0.2.4 (0.2.6 available)
  matcher 0.12.19 (0.12.20 available)
  meta 1.18.0 (1.19.0 available)
  package_config 2.2.0 (3.0.0 available)
  package_info_plus 9.0.1 (10.2.1 available)
  package_info_plus_platform_interface 3.2.1 (4.1.0 available)
  passkeys_platform_interface 2.8.0 (2.9.0 available)
  riverpod 3.3.2 (3.4.2 available)
  test 1.31.0 (1.31.2 available)
  test_api 0.7.11 (0.7.13 available)
  test_core 0.6.17 (0.6.19 available)
  vector_math 2.2.0 (2.4.2 available)
  win32 5.15.0 (6.3.0 available)
  xml 6.6.1 (7.0.1 available)
Got dependencies!
19 packages have newer versions incompatible with dependency constraints.
Try `flutter pub outdated` for more information.
Launching lib\main.dart on Web Server in debug mode...
Waiting for connection from debug service on Web Server...         20.3s
lib\main.dart is being served at http://localhost:8091
The web-server device requires the Dart Debug Chrome extension for debugging. Consider using the Chrome or Edge devices for an improved development workflow.

Flutter run key commands.
r Hot reload. 
R Hot restart.
h List all available interactive commands.
d Detach (terminate "flutter run" but leave application running).
c Clear the screen
q Quit (terminate the application on the device).

